// Jest Snapshot v1, https://goo.gl/fbAQLP

exports[`ChatInfo should render without crashing 1`] = `
<div>
  <div
    class="chatInfo row"
  >
    <div
      class="chatInfo__picture col-auto"
    >
      <div>
        UserPicture
      </div>
    </div>
    <div
      class="col"
    >
      <h5>
        czesiek
      </h5>
      <small>
        Ostatnia wiadomość: 1590436098965_en-US_2_
      </small>
    </div>
    <a
      class="align-self-center btn btn-primary"
      href="/chats/czesiek"
    >
      Pokaż szczegóły
    </a>
  </div>
</div>
`;
