// Jest Snapshot v1, https://goo.gl/fbAQLP

exports[`renders correctly 1`] = `
<div
  className="container"
>
  <div
    className="user_profile_card card"
  >
    <div
      className="user_card_title card-header"
    >
      <h3>
        Mój profil
      </h3>
    </div>
    <div
      className="card-body"
    >
      <div
        className="text-center text-sm-left row"
      >
        <div
          className="col-sm-auto col-12"
        >
          <svg
            height="80"
            width="80"
          >
            <circle
              cx="40"
              cy="40"
              fill="white"
              r="37"
              stroke="black"
              strokeWidth="3"
            />
            <circle
              cx="40"
              cy="30"
              fill="black"
              r="10"
            />
            <path
              d="M 20 60 q 20 -30 40 0"
              fill="black"
            />
          </svg>
        </div>
        <div
          className="col"
        >
          <div>
            <h5>
              Jan Kowalski
            </h5>
          </div>
          <div />
        </div>
      </div>
    </div>
    <div
      className="list-group-flush list-group"
      onKeyDown={[Function]}
    >
      <div
        className="property list-group-item"
        data-rb-event-key={null}
        disabled={false}
        onClick={[Function]}
      >
        <div
          className="row"
        >
          <div
            className="col-sm-auto col-12"
          >
            <div
              className="property__title"
            >
              Nazwa użytkownika
              :
            </div>
          </div>
          <div
            className="col"
          >
            user1
          </div>
        </div>
      </div>
      <div
        className="property list-group-item"
        data-rb-event-key={null}
        disabled={false}
        onClick={[Function]}
      >
        <div
          className="row"
        >
          <div
            className="col-sm-auto col-12"
          >
            <div
              className="property__title"
            >
              E-mail
              :
            </div>
          </div>
          <div
            className="col"
          >
            jan.kowalski@pw.edu.pl
          </div>
        </div>
      </div>
      <div
        className="property list-group-item"
        data-rb-event-key={null}
        disabled={false}
        onClick={[Function]}
      >
        <div
          className="row"
        >
          <div
            className="col-sm-auto col-12"
          >
            <div
              className="property__title"
            >
              Numer telefonu
              :
            </div>
          </div>
          <div
            className="col"
          >
            +48123456789
          </div>
        </div>
      </div>
    </div>
  </div>
</div>
`;
