// Jest Snapshot v1, https://goo.gl/fbAQLP

exports[`UserProfile should render correctly 1`] = `
<div>
  <div
    class="container"
  >
    <div
      class="user_profile_card card"
    >
      <div
        class="user_card_title card-header"
      >
        <h3>
          Mój profil
        </h3>
      </div>
      <div
        class="card-body"
      >
        <div>
          UserBasicInfo
        </div>
      </div>
      <div
        class="list-group-flush list-group"
      >
        <div
          class="property list-group-item"
        >
          <div
            class="row"
          >
            <div
              class="col-sm-auto col-12"
            >
              <div
                class="property__title"
              >
                Nazwa użytkownika
                :
              </div>
            </div>
            <div
              class="col"
            />
          </div>
        </div>
        <div
          class="property list-group-item"
        >
          <div
            class="row"
          >
            <div
              class="col-sm-auto col-12"
            >
              <div
                class="property__title"
              >
                E-mail
                :
              </div>
            </div>
            <div
              class="col"
            />
          </div>
        </div>
        <div
          class="property list-group-item"
        >
          <div
            class="row"
          >
            <div
              class="col-sm-auto col-12"
            >
              <div
                class="property__title"
              >
                Rola na czacie
                :
              </div>
            </div>
            <div
              class="col"
            />
          </div>
        </div>
      </div>
      <div
        class="text-center card-body"
      >
        <div
          class="buttonsContainer"
        >
          <button
            class="btn btn-danger"
            type="button"
          >
            Usuń konto
          </button>
          <button
            class="btn btn-info"
            type="button"
          >
            Zmień hasło
          </button>
        </div>
      </div>
    </div>
  </div>
</div>
`;
