// Jest Snapshot v1, https://goo.gl/fbAQLP

exports[`CVEditor should look like snapshot 1`] = `
<div
  className="CVEditorPage container"
>
  <img
    alt="tło"
    className="cvPage__bgImage"
    src="fot..png"
  />
  <div
    className="CVEditorPage_card card"
  >
    <h2
      className="cv_page_title card-header"
    >
      Kreator CV
    </h2>
    <div
      className="card-body"
    >
      <form
        className=""
        id="cv_data"
        onSubmit={[Function]}
      >
        <div
          className="col"
        >
          <nav
            className="nav card-header-tabs nav-tabs"
            onKeyDown={[Function]}
            role="tablist"
          >
            <a
              aria-controls="tabs-tabpane-personalData"
              aria-selected={true}
              className="nav-item nav-link active"
              data-rb-event-key="personalData"
              href="#"
              id="tabs-tab-personalData"
              onClick={[Function]}
              onKeyDown={[Function]}
              role="tab"
            >
              Dane osobowe
            </a>
            <a
              aria-controls="tabs-tabpane-education"
              aria-selected={false}
              className="nav-item nav-link"
              data-rb-event-key="education"
              href="#"
              id="tabs-tab-education"
              onClick={[Function]}
              onKeyDown={[Function]}
              role="tab"
              tabIndex={-1}
            >
              Edukacja
            </a>
            <a
              aria-controls="tabs-tabpane-workExperience"
              aria-selected={false}
              className="nav-item nav-link"
              data-rb-event-key="workExperience"
              href="#"
              id="tabs-tab-workExperience"
              onClick={[Function]}
              onKeyDown={[Function]}
              role="tab"
              tabIndex={-1}
            >
              Doświadczenie zawodowe
            </a>
            <a
              aria-controls="tabs-tabpane-skills"
              aria-selected={false}
              className="nav-item nav-link"
              data-rb-event-key="skills"
              href="#"
              id="tabs-tab-skills"
              onClick={[Function]}
              onKeyDown={[Function]}
              role="tab"
              tabIndex={-1}
            >
              Umiejętności
            </a>
            <a
              aria-controls="tabs-tabpane-languages"
              aria-selected={false}
              className="nav-item nav-link"
              data-rb-event-key="languages"
              href="#"
              id="tabs-tab-languages"
              onClick={[Function]}
              onKeyDown={[Function]}
              role="tab"
              tabIndex={-1}
            >
              Języki obce
            </a>
          </nav>
          <div
            className="tab-content"
          >
            <div
              aria-hidden={false}
              aria-labelledby="tabs-tab-personalData"
              className="fade tab-pane active show"
              id="tabs-tabpane-personalData"
              role="tabpanel"
            >
              <label
                className="form-label"
              >
                <h3>
                  Dane osobowe
                </h3>
                <br />
                <img
                  alt=""
                  className="cv_section_img"
                  src="movie_1.png"
                  width="400vw"
                />
              </label>
              <div
                className="form-group"
              >
                <label
                  className="form-label"
                  htmlFor="personalData"
                  sm="2"
                >
                  Imię i nazwisko:
                </label>
                <input
                  className="cv_page_input form-control"
                  defaultValue=""
                  id="personalData"
                  inline={true}
                  onBlur={[Function]}
                  placeholder="Jan Przykładowy"
                  required={true}
                  type="text"
                />
                <label
                  className="form-label"
                  htmlFor="personalData"
                  sm="2"
                >
                  Data urodzenia:
                   
                </label>
                <div>
                  <div
                    className="react-datepicker__input-container"
                  >
                    <input
                      className="cv_page_input"
                      disabled={false}
                      onBlur={[Function]}
                      onChange={[Function]}
                      onClick={[Function]}
                      onFocus={[Function]}
                      onKeyDown={[Function]}
                      readOnly={false}
                      type="text"
                      value=" 16.03.2020"
                    />
                  </div>
                </div>
                <label
                  className="form-label"
                  htmlFor="personalData"
                  sm="2"
                >
                  Numer telefonu:
                </label>
                <input
                  className="cv_page_input form-control"
                  defaultValue=""
                  id="personalData"
                  onBlur={[Function]}
                  placeholder="+48123456789"
                  type="text"
                />
                <label
                  className="form-label"
                  htmlFor="personalData"
                  sm="2"
                >
                  Adres email:
                </label>
                <input
                  className="cv_page_input form-control"
                  defaultValue=""
                  id="personalData"
                  onBlur={[Function]}
                  placeholder="example@domain.com"
                  required={true}
                  type="email"
                />
              </div>
              <div
                className="btn-toolbar"
                role="toolbar"
              >
                <button
                  className="form_navigation_prev btn btn-primary"
                  disabled={true}
                  type="button"
                >
                  ← Wstecz
                </button>
                <button
                  className="form_navigation_next btn btn-primary"
                  disabled={false}
                  onClick={[Function]}
                  type="button"
                >
                  Dalej →
                </button>
              </div>
            </div>
            <div
              aria-hidden={true}
              aria-labelledby="tabs-tab-education"
              className="fade tab-pane"
              id="tabs-tabpane-education"
              role="tabpanel"
            >
              <div
                className="form-group"
                id="complex-cv-fields"
              >
                <label
                  className="form-label"
                >
                  <h3>
                    Edukacja
                  </h3>
                  <br />
                  <img
                    alt=""
                    className="cv_section_img"
                    src="movie_2.png"
                    width="400vw"
                  />
                </label>
                <div
                  id="complex_form_input_set"
                >
                  <div
                    className="form-group"
                    id="temp_data"
                  >
                    <div
                      className="rendered_cv_area"
                    >
                      <ul />
                    </div>
                    <label
                      className="form-label"
                    >
                      Od:
                      <span>
                         
                      </span>
                    </label>
                    <div
                      className="react-datepicker-wrapper"
                    >
                      <div
                        className="react-datepicker__input-container"
                      >
                        <input
                          className="complex_form_input_item"
                          disabled={false}
                          onBlur={[Function]}
                          onChange={[Function]}
                          onClick={[Function]}
                          onFocus={[Function]}
                          onKeyDown={[Function]}
                          readOnly={false}
                          type="text"
                          value=" 03.2020"
                        />
                      </div>
                    </div>
                    <span>
                         
                    </span>
                    <label
                      className="form-label"
                    >
                      Do:
                      <span>
                         
                      </span>
                    </label>
                    <div
                      className="react-datepicker-wrapper"
                    >
                      <div
                        className="react-datepicker__input-container"
                      >
                        <input
                          className="complex_form_input_item"
                          disabled={false}
                          onBlur={[Function]}
                          onChange={[Function]}
                          onClick={[Function]}
                          onFocus={[Function]}
                          onKeyDown={[Function]}
                          readOnly={false}
                          type="text"
                          value=""
                        />
                      </div>
                    </div>
                    <br />
                    <label
                      className="form-label"
                    >
                      Miejsce:
                    </label>
                    <input
                      className="complex_form_input_item form-control"
                      inline={true}
                      onBlur={[Function]}
                      placeholder="Nazwa szkoły/miejsca pracy"
                      type="text"
                    />
                    <label
                      className="form-label"
                    >
                      Opis:
                    </label>
                    <input
                      className="complex_form_input_item form-control"
                      inline={true}
                      onBlur={[Function]}
                      placeholder="Profil/stanowisko ..."
                      type="text"
                    />
                  </div>
                  <button
                    className="btn btn-success"
                    disabled={false}
                    id="item_add_button"
                    onClick={[Function]}
                    type="submit"
                  >
                    + Dodaj
                  </button>
                </div>
              </div>
              <div
                className="btn-toolbar"
                role="toolbar"
              >
                <button
                  className="form_navigation_prev btn btn-primary"
                  disabled={false}
                  onClick={[Function]}
                  type="button"
                >
                  ← Wstecz
                </button>
                <button
                  className="form_navigation_next btn btn-primary"
                  disabled={false}
                  onClick={[Function]}
                  type="button"
                >
                  Dalej →
                </button>
              </div>
            </div>
            <div
              aria-hidden={true}
              aria-labelledby="tabs-tab-workExperience"
              className="fade tab-pane"
              id="tabs-tabpane-workExperience"
              role="tabpanel"
            >
              <div
                className="form-group"
                id="complex-cv-fields"
              >
                <label
                  className="form-label"
                >
                  <h3>
                    Doświadczenie zawodowe
                  </h3>
                  <br />
                  <img
                    alt=""
                    className="cv_section_img"
                    src="movie_3.png"
                    width="400vw"
                  />
                </label>
                <div
                  id="complex_form_input_set"
                >
                  <div
                    className="form-group"
                    id="temp_data"
                  >
                    <div
                      className="rendered_cv_area"
                    >
                      <ul />
                    </div>
                    <label
                      className="form-label"
                    >
                      Od:
                      <span>
                         
                      </span>
                    </label>
                    <div
                      className="react-datepicker-wrapper"
                    >
                      <div
                        className="react-datepicker__input-container"
                      >
                        <input
                          className="complex_form_input_item"
                          disabled={false}
                          onBlur={[Function]}
                          onChange={[Function]}
                          onClick={[Function]}
                          onFocus={[Function]}
                          onKeyDown={[Function]}
                          readOnly={false}
                          type="text"
                          value=" 03.2020"
                        />
                      </div>
                    </div>
                    <span>
                         
                    </span>
                    <label
                      className="form-label"
                    >
                      Do:
                      <span>
                         
                      </span>
                    </label>
                    <div
                      className="react-datepicker-wrapper"
                    >
                      <div
                        className="react-datepicker__input-container"
                      >
                        <input
                          className="complex_form_input_item"
                          disabled={false}
                          onBlur={[Function]}
                          onChange={[Function]}
                          onClick={[Function]}
                          onFocus={[Function]}
                          onKeyDown={[Function]}
                          readOnly={false}
                          type="text"
                          value=""
                        />
                      </div>
                    </div>
                    <br />
                    <label
                      className="form-label"
                    >
                      Miejsce:
                    </label>
                    <input
                      className="complex_form_input_item form-control"
                      inline={true}
                      onBlur={[Function]}
                      placeholder="Nazwa szkoły/miejsca pracy"
                      type="text"
                    />
                    <label
                      className="form-label"
                    >
                      Opis:
                    </label>
                    <input
                      className="complex_form_input_item form-control"
                      inline={true}
                      onBlur={[Function]}
                      placeholder="Profil/stanowisko ..."
                      type="text"
                    />
                  </div>
                  <button
                    className="btn btn-success"
                    disabled={false}
                    id="item_add_button"
                    onClick={[Function]}
                    type="submit"
                  >
                    + Dodaj
                  </button>
                </div>
              </div>
              <div
                className="btn-toolbar"
                role="toolbar"
              >
                <button
                  className="form_navigation_prev btn btn-primary"
                  disabled={false}
                  onClick={[Function]}
                  type="button"
                >
                  ← Wstecz
                </button>
                <button
                  className="form_navigation_next btn btn-primary"
                  disabled={false}
                  onClick={[Function]}
                  type="button"
                >
                  Dalej →
                </button>
              </div>
            </div>
            <div
              aria-hidden={true}
              aria-labelledby="tabs-tab-skills"
              className="fade tab-pane"
              id="tabs-tabpane-skills"
              role="tabpanel"
            >
              <div
                className="form-group"
                id="complex-cv-fields"
              >
                <label
                  className="form-label"
                >
                  <h3>
                    Umiejętności
                  </h3>
                  <br />
                  <img
                    alt=""
                    className="cv_section_img"
                    src="movie_4.png"
                    width="400vw"
                  />
                </label>
                <ul />
                <input
                  className="cv_page_input form-control"
                  onChange={[Function]}
                  placeholder="Wpisz umiejętność"
                  type="text"
                  value=""
                />
                <button
                  className="btn btn-success"
                  disabled={false}
                  onClick={[Function]}
                  type="button"
                >
                  + Dodaj
                </button>
              </div>
              <div
                className="btn-toolbar"
                role="toolbar"
              >
                <button
                  className="form_navigation_prev btn btn-primary"
                  disabled={false}
                  onClick={[Function]}
                  type="button"
                >
                  ← Wstecz
                </button>
                <button
                  className="form_navigation_next btn btn-primary"
                  disabled={false}
                  onClick={[Function]}
                  type="button"
                >
                  Dalej →
                </button>
              </div>
            </div>
            <div
              aria-hidden={true}
              aria-labelledby="tabs-tab-languages"
              className="fade tab-pane"
              id="tabs-tabpane-languages"
              role="tabpanel"
            >
              <div
                className="form-group"
                id="complex-cv-fields"
              >
                <label
                  className="form-label"
                >
                  <h3>
                    Języki obce
                  </h3>
                  <br />
                  <img
                    alt=""
                    className="cv_section_img"
                    src="movie_5.png"
                    width="400vw"
                  />
                </label>
                <ul />
                <input
                  className="cv_page_input form-control"
                  id="languages"
                  onChange={[Function]}
                  placeholder="Język"
                  type="text"
                  value=""
                />
                <div
                  className="form-group"
                >
                  <label
                    className="form-label"
                    htmlFor="exampleForm.ControlSelect1"
                  >
                    Poziom
                  </label>
                  <Select
                    className="cv_lang_lvl_selector form-control"
                    id="exampleForm.ControlSelect1"
                    onChange={[Function]}
                  >
                    <option
                      value="podstawowy"
                    >
                      podstawowy
                    </option>
                    <option
                      value="komunikatywny"
                    >
                      komunikatywny
                    </option>
                    <option
                      value="biegły"
                    >
                      biegły
                    </option>
                  </Select>
                  <button
                    className="btn btn-success"
                    disabled={false}
                    onClick={[Function]}
                    type="button"
                  >
                    + Dodaj
                  </button>
                </div>
                <div
                  className="btn-toolbar"
                  role="toolbar"
                >
                  <button
                    className="form_navigation_prev btn btn-primary"
                    disabled={false}
                    onClick={[Function]}
                    type="button"
                  >
                    ← Wstecz
                  </button>
                  <button
                    className="form_navigation_next btn btn-primary"
                    disabled={true}
                    type="button"
                  >
                    Dalej →
                  </button>
                </div>
                <div
                  className="btn-toolbar"
                  id="cv_mgmt_button_toolbar"
                  role="toolbar"
                >
                  <a
                    className="btn_discard btn btn-danger btn-lg"
                    href="/user"
                    id="discardButton"
                    onClick={[Function]}
                    onKeyDown={[Function]}
                  >
                    Odrzuć
                  </a>
                  <button
                    className="btn_generate btn btn-success btn-lg"
                    disabled={false}
                    id="saveButton"
                    type="submit"
                  >
                    Generuj CV
                  </button>
                </div>
              </div>
            </div>
          </div>
        </div>
      </form>
    </div>
  </div>
</div>
`;
