// Jest Snapshot v1, https://goo.gl/fbAQLP

exports[`Chats should render without crashing 1`] = `
<div>
  <div
    class="container"
  >
    <div
      class="card"
    >
      <h2
        class="card-header"
      >
        Najnowsze wiadomości
      </h2>
      <div
        class="list-group list-group-flush"
      >
        <div
          class="list-group-item"
        >
          <div
            class="chatInfo row"
          >
            <div
              class="chatInfo__picture col-auto"
            >
              <div
                class="userPicture__container"
              >
                <div
                  class="userPicture userPicture--standard"
                >
                  <span>
                    ?
                  </span>
                </div>
              </div>
            </div>
            <div
              class="col"
            >
              <h5>
                Wiadomość 1
              </h5>
              <a
                class="btn btn-primary"
                href="/chats/1"
              >
                Pokaż szczegóły
              </a>
            </div>
          </div>
        </div>
        <div
          class="list-group-item"
        >
          <div
            class="chatInfo row"
          >
            <div
              class="chatInfo__picture col-auto"
            >
              <div
                class="userPicture__container"
              >
                <div
                  class="userPicture userPicture--standard"
                >
                  <span>
                    ?
                  </span>
                </div>
              </div>
            </div>
            <div
              class="col"
            >
              <h5>
                Wiadomość 2
              </h5>
              <a
                class="btn btn-primary"
                href="/chats/2"
              >
                Pokaż szczegóły
              </a>
            </div>
          </div>
        </div>
        <div
          class="list-group-item"
        >
          <div
            class="chatInfo row"
          >
            <div
              class="chatInfo__picture col-auto"
            >
              <div
                class="userPicture__container"
              >
                <div
                  class="userPicture userPicture--standard"
                >
                  <span>
                    ?
                  </span>
                </div>
              </div>
            </div>
            <div
              class="col"
            >
              <h5>
                Wiadomość 3
              </h5>
              <a
                class="btn btn-primary"
                href="/chats/3"
              >
                Pokaż szczegóły
              </a>
            </div>
          </div>
        </div>
      </div>
    </div>
  </div>
</div>
`;
