// Jest Snapshot v1, https://goo.gl/fbAQLP

exports[`Chats should render without crashing 1`] = `
<div>
  <div
    class="container"
  >
    <div
      class="card"
    >
      <h2
        class="card-header"
      >
        Najnowsze wiadomości
      </h2>
      <div
        class="list-group list-group-flush"
      >
        <div
          class="list-group-item"
        >
          <div>
            xd
          </div>
        </div>
        <div
          class="list-group-item"
        >
          <div>
            xd1
          </div>
        </div>
      </div>
      <div
        class="card-footer"
      >
        <div>
          Pagination
        </div>
      </div>
    </div>
  </div>
</div>
`;
