// Jest Snapshot v1, https://goo.gl/fbAQLP

exports[`RegisterPage RegisterPageTest should match snapshot 1`] = `
<div>
  <div
    class="loginPage loginPage__register container"
  >
    <div
      class="loginPage__card card"
    >
      <h2
        class="loginPage__header card-header"
      >
        Rejestracja
      </h2>
      <div
        class="registerPage__body card-body"
      >
        <div
          class="register_account_type form-group"
        >
          <label
            class="form-label"
          >
            Jestem:
          </label>
          <select
            class="register_radio_type form-control"
            data-testid="typeSelector"
          >
            <option
              value="Podopiecznym"
            >
              Podopiecznym
            </option>
            <option
              value="Pracodawcą"
            >
              Pracodawcą
            </option>
          </select>
        </div>
        <form
          class="loginPage__form primary"
          novalidate=""
        >
          <section
            class="row"
          >
            <div
              class="loginPage__cardSection px-0 col-lg mx-lg-3 card bg-light"
            >
              <h4
                class="card-header"
              >
                Dane osobowe
              </h4>
              <div
                class="card-body"
              >
                <div
                  class="form-group"
                >
                  <input
                    class="form-control"
                    id="formGroupFirstName"
                    maxlength="30"
                    minlength="1"
                    name="first_name"
                    placeholder="Imię"
                    required=""
                    type="text"
                  />
                  <div
                    class="invalid-feedback"
                  >
                    Podaj imię
                  </div>
                </div>
                <div
                  class="form-group"
                >
                  <input
                    class="form-control"
                    id="formGroupLastName"
                    maxlength="30"
                    minlength="1"
                    name="last_name"
                    placeholder="Nazwisko"
                    required=""
                    type="text"
                  />
                  <div
                    class="invalid-feedback"
                  >
                    Podaj nazwisko
                  </div>
                </div>
                <div
                  class="form-group"
                >
                  <input
                    class="form-control"
                    id="formGroupPhoneNumber"
                    name="phone_number"
                    pattern="[+]{1}[4]{1}[8]{1}[0-9]{3}[0-9]{3}[0-9]{3}"
                    placeholder="Numer telefonu"
                    required=""
                    type="tel"
                  />
                  <div
                    class="invalid-feedback"
                  >
                    Podaj numer telefonu w formacie: +48123123123
                  </div>
                </div>
              </div>
            </div>
            <div
              class="loginPage__cardSection px-0 col-lg mr-lg-3 card bg-light"
            >
              <h4
                class="card-header"
              >
                Dane placówki
              </h4>
              <div
                class="account_form_card card-body"
              >
                <div
                  class="form-group"
                >
                  <input
                    class="form-control"
                    id="formGroupNameOfPlace"
                    maxlength="60"
                    minlength="1"
                    name="name_of_place"
                    placeholder="Nazwa placówki"
                    required=""
                    type="text"
                  />
                  <div
                    class="invalid-feedback"
                  >
                    Podaj nazwę placówki
                  </div>
                </div>
                <div
                  class="form-group"
                >
                  <input
                    class="form-control"
                    id="formGroupStreet"
                    maxlength="120"
                    minlength="1"
                    name="street"
                    placeholder="Ulica"
                    required=""
                    type="text"
                  />
                  <div
                    class="invalid-feedback"
                  >
                    Podaj ulicę na której znajduje się placówka
                  </div>
                </div>
                <div
                  class="form-group"
                >
                  <input
                    class="form-control"
                    id="formGroupNumbah"
                    maxlength="20"
                    minlength="1"
                    name="number"
                    pattern="^([0-9]{1})[\\\\s\\\\S]*"
                    placeholder="Numer budynku"
                    required=""
                    type="text"
                  />
                  <div
                    class="invalid-feedback"
                  >
                    Podaj numer budynku, przy którym znajduje się placówka
                  </div>
                </div>
                <div
                  class="form-group"
                >
                  <input
                    class="form-control"
                    id="formGroupCity"
                    maxlength="40"
                    minlength="1"
                    name="city"
                    placeholder="Nazwa miasta"
                    required=""
                    type="text"
                  />
                  <div
                    class="invalid-feedback"
                  >
                    Podaj nazwę miasta
                  </div>
                </div>
                <div
                  class="form-group"
                >
                  <input
                    class="form-control"
                    id="formGroupCityCode"
                    maxlength="6"
                    minlength="1"
                    name="city_code"
                    pattern="[0-9]{2}[-][0-9]{3}"
                    placeholder="Kod pocztowy"
                    required=""
                    type="text"
                  />
                  <div
                    class="invalid-feedback"
                  >
                    Podaj kod pocztowy w formacie 00-000
                  </div>
                </div>
              </div>
            </div>
            <div
              class="loginPage__cardSection px-0 col-lg mr-lg-3 card bg-light"
            >
              <h4
                class="card-header"
              >
                Dane konta
              </h4>
              <div
                class="card-body"
              >
                <div
                  class="form-group"
                >
                  <input
                    class="loginPage__input form-control"
                    id="formGroupEmail"
                    maxlength="60"
                    name="email"
                    placeholder="Email"
                    required=""
                    type="email"
                  />
                  <div
                    class="invalid-feedback"
                  >
                    Podaj właściwy email
                  </div>
                </div>
                <div
                  class="form-group"
                >
                  <input
                    class="form-control"
                    id="formGroupUsername"
                    maxlength="30"
                    minlength="6"
                    name="username"
                    placeholder="Nazwa użytkownika"
                    required=""
                    type="text"
                  />
                  <div
                    class="invalid-feedback"
                  >
                    Minimalna ilośc znaków: 6
                  </div>
                </div>
                <div
                  class="form-group"
                >
                  <input
                    class="form-control"
                    id="formGroupPassword"
                    maxlength="128"
                    minlength="6"
                    name="password"
                    placeholder="Hasło"
                    required=""
                    type="password"
                  />
                  <div
                    class="invalid-feedback"
                  >
                    Minimalna ilośc znaków: 6
                  </div>
                </div>
                <div
                  class="form-group"
                >
                  <input
                    class="form-control"
                    id="formGroupPasswordRepeat"
                    maxlength="128"
                    minlength="6"
                    name="passwordR"
                    placeholder="Powtórz hasło"
                    required=""
                    type="password"
                  />
                  <div
                    class="invalid-feedback"
                  >
                    Minimalna ilośc znaków: 6
                  </div>
                </div>
              </div>
            </div>
          </section>
          <button
            class="loginPage__button btn btn-primary"
            data-testid="submitBtn"
            type="submit"
          >
            Utwórz konto
          </button>
        </form>
        <div
          class="loginPage__links"
        >
          <a
            class="loginPage__link"
            href="/login"
          >
            Masz już konto? Zaloguj się!
          </a>
        </div>
      </div>
    </div>
  </div>
</div>
`;
