// Jest Snapshot v1, https://goo.gl/fbAQLP

exports[`Router test should match snapshot 1`] = `
<div>
  <div
    class="Menu container-fluid"
  >
    <div
      class="menu-background d-flex justify-content-center align-items-center"
    >
      <div
        class="row"
      >
        <div
          class="col"
        />
        <div
          class="col-7"
        >
          <img
            alt="Menu logo"
            class="menu-logo"
            src="logo.png"
          />
        </div>
        <div
          class="col"
        />
      </div>
      <div
        class="menu-button-row row"
      >
        <div
          class="col"
        />
        <div
          class="col"
        >
          <div
            class="btn-toolbar"
            role="toolbar"
          >
            <a
              class="menu-button-big btn btn-primary"
              href="/newAccount"
            >
              Utwórz konto
            </a>
            <a
              class="menu-button-big btn btn-primary"
              href="/login"
            >
              Zaloguj się
            </a>
          </div>
        </div>
        <div
          class="col"
        />
      </div>
      <div
        class="menu-button-row row"
      >
        <div
          class="col"
        />
        <div
          class="col"
        >
          <div
            class="btn-toolbar"
            role="toolbar"
          >
            <a
              class="menu-button-small menu-button-white btn btn-primary"
              href="/login"
            >
              Kreator CV
            </a>
            <a
              class="menu-button-small menu-button-white btn btn-primary"
              href="/myCVs"
            >
              Moje CV
            </a>
            <a
              class="menu-button-small menu-button-white btn btn-primary"
              href="/jobOffers"
            >
              Oferty pracy
            </a>
            <a
              class="menu-button-small menu-button-white btn btn-primary"
              href="/blog"
            >
              Blogi
            </a>
          </div>
        </div>
        <div
          class="col"
        />
      </div>
    </div>
  </div>
</div>
`;
