// Jest Snapshot v1, https://goo.gl/fbAQLP

exports[`FacilityForm should match snapshot 1`] = `
<div>
  <div
    class="changeData__wrapper__card card bg-light"
  >
    <div
      class="card-header"
    >
      Adres placówki
    </div>
    <div
      class="card-body"
    >
      <div
        class="form-group"
      >
        <label
          class="form-label"
          for="facilityName"
        >
          Nazwa placówki
        </label>
        <input
          class="form-control"
          data-testid="default"
          id="facilityName"
          maxlength="100"
          minlength="1"
          placeholder="Nazwa placówki"
          required=""
          type="text"
          value="abc"
        />
        <div
          class="invalid-feedback"
        >
          Podaj poprawną nazwę placówki.
        </div>
      </div>
      <div
        class="form-group"
      >
        <label
          class="form-label"
          for="street"
        >
          Ulica
        </label>
        <input
          class="form-control"
          data-testid="default"
          id="street"
          maxlength="120"
          minlength="1"
          placeholder="Ulica"
          required=""
          type="text"
          value="city"
        />
        <div
          class="invalid-feedback"
        >
          Podaj poprawną nazwę ulicy.
        </div>
      </div>
      <div
        class="form-group"
      >
        <label
          class="form-label"
          for="streetNumber"
        >
          Numer budynku
        </label>
        <input
          class="form-control"
          data-testid="default"
          id="streetNumber"
          maxlength="20"
          minlength="1"
          pattern="^([0-9]{1})[\\\\s\\\\S]*"
          placeholder="Numer budynku"
          required=""
          type="text"
          value="12"
        />
        <div
          class="invalid-feedback"
        >
          Podaj poprawny numer budynku.
        </div>
      </div>
      <div
        class="form-group"
      >
        <label
          class="form-label"
          for="city"
        >
          Nazwa miasta
        </label>
        <input
          class="form-control"
          data-testid="default"
          id="city"
          maxlength="40"
          minlength="1"
          placeholder="Nazwa miasta"
          required=""
          type="text"
          value="new"
        />
        <div
          class="invalid-feedback"
        >
          Podaj poprawną nazwę miasta.
        </div>
      </div>
      <div
        class="form-group"
      >
        <label
          class="form-label"
          for="postalCode"
        >
          Kod pocztowy
        </label>
        <input
          class="form-control"
          data-testid="default"
          id="postalCode"
          maxlength="50"
          minlength="1"
          pattern="[0-9]{2}[-][0-9]{3}"
          placeholder="Kod pocztowy"
          required=""
          type="text"
          value="12-123"
        />
        <div
          class="invalid-feedback"
        >
          Podaj poprawny kod pocztowy w formacie 00-000.
        </div>
      </div>
    </div>
  </div>
</div>
`;
