// Jest Snapshot v1, https://goo.gl/fbAQLP

exports[`UserList should match snapshot 1`] = `
<div>
  <div
    class="container"
  >
    <div
      class="card"
    >
      <h2
        class="card-header"
      >
        Lista użytkowników
      </h2>
      <form
        class="search__form"
      >
        <div
          class="form-row"
        >
          <div
            class="form-group col-md-6 col-12"
          >
            <label
              class="form-label"
              for="username"
            >
              Nazwa użytkownika
            </label>
            <input
              class="form-control"
              data-testid="default"
              id="username"
              maxlength="50"
              minlength="1"
              placeholder="Nazwa użytkownika"
              type="text"
              value=""
            />
          </div>
          <div
            class="form-group col-md-6 col-12"
          >
            <label
              class="form-label"
              for="email"
            >
              Email
            </label>
            <input
              class="form-control"
              data-testid="default"
              id="email"
              maxlength="50"
              minlength="1"
              placeholder="Email"
              type="text"
              value=""
            />
          </div>
          <div
            class="form-group col-md-6 col-12"
          >
            <label
              class="form-label"
              for="category"
            >
              Status:
            </label>
            <select
              class="form-control"
              id="category"
              type="select"
            >
              <option
                disabled=""
              >
                -- Wybierz --
              </option>
              <option
                value="Verified"
              >
                Zweryfikowany
              </option>
              <option
                value="Not verified"
              >
                Odrzucony
              </option>
              <option
                value="Waiting for verification"
              >
                Oczekuje na weryfikację
              </option>
            </select>
          </div>
          <div
            class="form-group col-md-6 col-12"
          >
            <label
              class="form-label"
              for="type"
            >
              Typ użytkownika:
            </label>
            <select
              class="form-control"
              id="type"
              type="select"
            >
              <option
                disabled=""
              >
                -- Wybierz --
              </option>
              <option
                value="Standard"
              >
                Podopieczny
              </option>
              <option
                value="Staff"
              >
                Administrator
              </option>
              <option
                value="Employer"
              >
                Pracodawca
              </option>
            </select>
          </div>
        </div>
        <button
          class="mr-3 btn btn-primary"
          type="submit"
        >
          Filtruj użytkowników
        </button>
        <button
          class="mr-3 btn btn-outline-primary"
          type="button"
        >
          Wyczyść filtry
        </button>
        <small
          class="search__countText"
        >
          Liczba znalezionych użytkowników: 2
        </small>
      </form>
      <div
        class="list-group list-group-flush"
      >
        <div
          class="list-group-item"
        >
          <div
            class="row"
          >
            <div
              class="col"
            >
              <h5>
                user1
              </h5>
              <div
                class="row"
              >
                <div
                  class="detailsItem col-xl-3 col-md-4"
                >
                  <div
                    class="detailsItem__label"
                  >
                    Adres email
                  </div>
                  <div
                    class="detailsItem__value"
                  >
                    qwe@qwe.qwe
                  </div>
                </div>
                <div
                  class="detailsItem col-xl-3 col-md-4"
                >
                  <div
                    class="detailsItem__label"
                  >
                    Typ
                  </div>
                  <div
                    class="detailsItem__value"
                  >
                    Podopieczny
                  </div>
                </div>
                <div
                  class="detailsItem col-xl-3 col-md-4"
                >
                  <div
                    class="detailsItem__label"
                  >
                    Data rejestracji
                  </div>
                  <div
                    class="detailsItem__value"
                  >
                    12-5-2020
                  </div>
                </div>
                <div
                  class="detailsItem col-xl-3 col-md-4"
                >
                  <div
                    class="detailsItem__label"
                  >
                    Status
                  </div>
                  <div
                    class="detailsItem__value"
                  >
                    Zweryfikowany
                  </div>
                </div>
              </div>
              <a
                class="btn btn-primary"
                href="/chats/1"
              >
                Wyślij wiadomość
              </a>
            </div>
          </div>
        </div>
        <div
          class="list-group-item"
        >
          <div
            class="row"
          >
            <div
              class="col"
            >
              <h5>
                user2
              </h5>
              <div
                class="row"
              >
                <div
                  class="detailsItem col-xl-3 col-md-4"
                >
                  <div
                    class="detailsItem__label"
                  >
                    Adres email
                  </div>
                  <div
                    class="detailsItem__value"
                  >
                    asd@asd.asd
                  </div>
                </div>
                <div
                  class="detailsItem col-xl-3 col-md-4"
                >
                  <div
                    class="detailsItem__label"
                  >
                    Typ
                  </div>
                  <div
                    class="detailsItem__value"
                  >
                    Pracodawca
                  </div>
                </div>
                <div
                  class="detailsItem col-xl-3 col-md-4"
                >
                  <div
                    class="detailsItem__label"
                  >
                    Data rejestracji
                  </div>
                  <div
                    class="detailsItem__value"
                  >
                    11-5-2020
                  </div>
                </div>
                <div
                  class="detailsItem col-xl-3 col-md-4"
                >
                  <div
                    class="detailsItem__label"
                  >
                    Status
                  </div>
                  <div
                    class="detailsItem__value"
                  >
                    Odrzucony
                  </div>
                </div>
              </div>
              <a
                class="btn btn-primary"
                href="/chats/2"
              >
                Wyślij wiadomość
              </a>
            </div>
          </div>
        </div>
      </div>
    </div>
  </div>
</div>
`;
