// Jest Snapshot v1, https://goo.gl/fbAQLP

exports[`AddCvForm should render without crashing 1`] = `
<div>
  <div
    class="row"
  >
    <div
      class="col"
    >
      <a
        class="btn btn-primary"
        href="/cvEditor/"
      >
        Utwórz CV
      </a>
    </div>
  </div>
</div>
`;
