// Jest Snapshot v1, https://goo.gl/fbAQLP

exports[`NewStep should match snapshot(step) 1`] = `
<div
  aria-modal="true"
  class="fade modal show"
  role="dialog"
  style="display: block;"
  tabindex="-1"
>
  <div
    class="modal-dialog"
    role="document"
  >
    <div
      class="modal-content"
    >
      <form
        class=""
        novalidate=""
      >
        <div
          class="modal-header"
        >
          <div
            class="modal-title h4"
          >
            Edytuj krok
          </div>
          <button
            class="close"
            type="button"
          >
            <span
              aria-hidden="true"
            >
              ×
            </span>
            <span
              class="sr-only"
            >
              Close
            </span>
          </button>
        </div>
        <div
          class="modal-body"
        >
          <div
            class="form-group"
          >
            <label
              class="form-label"
              for="stepParent"
            >
              Wybierz krok poprzedzający 
            </label>
            <select
              class="form-control"
              id="stepParent"
              required=""
            >
              <option>
                abc
              </option>
            </select>
          </div>
          <div
            class="form-group"
          >
            <label
              class="form-label"
              for="stepTitle"
            >
              Tytuł kroku
            </label>
            <input
              class="form-control"
              data-testid="default"
              id="stepTitle"
              maxlength="50"
              minlength="1"
              placeholder="Tytuł kroku"
              required=""
              type="text"
              value="Tytuł głównego kroku 1"
            />
            <div
              class="invalid-feedback"
            >
              Podaj tytuł kroku.
            </div>
          </div>
          <div
            class="form-group"
          >
            <label
              class="form-label"
              for="stepVideo"
            >
              Film (link youtube)
            </label>
            <input
              class="form-control"
              data-testid="default"
              id="stepVideo"
              maxlength="50"
              minlength="1"
              placeholder="Film (link youtube)"
              type="text"
              value=""
            />
          </div>
          <div
            class="textContainer form-group"
          >
            <label
              class="form-label"
              for="stepDescription"
            >
              Opis kroku
            </label>
            <textarea
              class="offerForm__textarea form-control"
              id="stepDescription"
              maxlength="50"
              minlength="1"
              placeholder="Wpisz treść... "
              required=""
            >
              xDD
            </textarea>
            <div
              class="invalid-feedback"
            >
              Podaj opis kroku.
            </div>
          </div>
        </div>
        <div
          class="modal-footer"
        >
          <button
            class="btn btn-primary"
            type="submit"
          >
            Prześlij zmiany
          </button>
        </div>
      </form>
    </div>
  </div>
</div>
`;
