// Jest Snapshot v1, https://goo.gl/fbAQLP

exports[`UserDetails should match snapshot 1`] = `
<div>
  <div
    class="accordion"
  >
    <div
      class="border-left-0 border-right-0 border-bottom-0 card"
    >
      <div
        class="card-header"
      >
        testowyuser123
         (
        Standard
        )
      </div>
      <div
        class="collapse"
      >
        <div
          class="fade alert alert-info show"
          role="alert"
        >
          Ładuję...
        </div>
      </div>
    </div>
    <div
      class="border-left-0 border-right-0 border-bottom-0 card"
    >
      <div
        class="card-header"
      >
        testowyuser1232
         (
        Employer
        )
      </div>
      <div
        class="collapse"
      >
        <div
          class="fade alert alert-info show"
          role="alert"
        >
          Ładuję...
        </div>
      </div>
    </div>
  </div>
</div>
`;
