// Jest Snapshot v1, https://goo.gl/fbAQLP

exports[`BlogPost should match snapshot after loaded 1`] = `
<div>
  <div
    class="blogpost_container container"
  >
    <div
      class="card"
    >
      <div
        class="card-header"
      />
      <div
        class="post_content mx-4 card-body"
      >
        <h3
          class="post_title card-title"
        >
          Tytuł posta
        </h3>
        <h6
          class="text-muted mb-4 mt-2 card-subtitle"
        >
          Kategoria: 
          qwe
        </h6>
        <p
          class="blog_content_text text-justify card-text"
        >
          Lorem ipsum dolor sit amet, consectetur adipiscing elit. Proin nibh augue, suscipit a, scelerisque sed, lacinia in, mi. Cras vel lorem. Etiam pellentesque aliquet tellus. Phasellus pharetra nulla ac diam. Quisque semper justo at risus. Donec venenatis, turpis vel hendrerit interdum, dui ligula ultricies purus, sed posuere libero dui id orci. Nam congue, pede vitae dapibus aliquet, elit magna vulputate arcu, vel tempus metus leo non est. Etiam sit amet lectus quis est congue mollis. Phasellus congue lacus eget neque. Phasellus ornare, ante vitae consectetuer consequat, purus sapien ultricies dolor, et mollis pede metus eget nisi. Praesent sodales velit quis augue. Cras suscipit, urna at aliquam rhoncus, urna quam viverra nisi, in interdum massa nibh nec erat.
        </p>
        <p
          class="post_taglist mt-5"
        >
          <em>
            tagi: 
            <span
              class="mx-1 badge badge-info"
            >
              tag1
            </span>
            <span
              class="mx-1 badge badge-info"
            >
              tag2
            </span>
            <span
              class="mx-1 badge badge-info"
            >
              tag3
            </span>
          </em>
        </p>
      </div>
      <div
        class="blogpost_summary card-footer"
      >
        <div
          class="row"
        >
          <div
            class="mx-3 col"
          >
            <div
              class="row"
            >
              Autor: Jan Kowalski (jan@kowalski.pl)
            </div>
            <div
              class="row"
            >
              Opublikowano: 06.07.2019
            </div>
          </div>
          <div
            class="post_comment_counter"
          >
            <div
              class="text-right mx-3 row"
            >
              Liczba komentarzy: 
              0
            </div>
          </div>
        </div>
      </div>
    </div>
    <div
      class="blogpost_comment_card card"
    >
      <div
        class="card-body"
      >
        <h3
          class="mb-3 card-title"
        >
          Komentarze:
        </h3>
        <div
          class="fade alert alert-info show"
          role="alert"
        >
          Brak komentarzy.
        </div>
        <div
          class="card"
        >
          <div
            class="card-body"
          >
            <div
              class="card-title h5"
            >
              Dodaj komentarz
            </div>
            <form
              class=""
            >
              <div
                class="form-group"
              >
                <textarea
                  class="form-control"
                  id="commentContent"
                  placeholder="Treść komentarza"
                  required=""
                />
              </div>
              <div
                class="CommentForm__submitGroup mb-0 form-group"
              >
                <button
                  class="btn btn-primary"
                  type="submit"
                >
                  Prześlij
                </button>
              </div>
            </form>
          </div>
        </div>
      </div>
    </div>
  </div>
</div>
`;
