// Jest Snapshot v1, https://goo.gl/fbAQLP

exports[`EducationTab should render without crashing 1`] = `
<div>
  <div>
    <h3>
      Edukacja
    </h3>
    <div
      class="form-group"
    >
      <img
        alt=""
        class="CVEditorTab__img"
        src="movie_2.png"
      />
    </div>
    <div>
      <div
        class="row"
      >
        <div
          class="form-group col-md-6 col-12"
        >
          <label
            class="form-label"
            for="startTime"
          >
            Od:
          </label>
          <div
            class="react-datepicker-wrapper"
          >
            <div
              class="react-datepicker__input-container"
            >
              <input
                class="form-control"
                id="startTime"
                placeholder="Data rozpoczęcia"
                type="text"
                value=""
              />
            </div>
          </div>
        </div>
        <div
          class="form-group col-md-6 col-12"
        >
          <label
            class="form-label"
            for="endTime"
          >
            Do:
          </label>
          <div
            class="react-datepicker-wrapper"
          >
            <div
              class="react-datepicker__input-container"
            >
              <input
                class="form-control"
                id="endTime"
                placeholder="Data zakończenia"
                type="text"
                value=""
              />
            </div>
          </div>
        </div>
      </div>
      <div
        class="form-group"
      >
        <label
          class="form-label"
          for="actionPlace"
        >
          Miejsce:
        </label>
        <input
          class="form-control"
          id="actionPlace"
          placeholder="Nazwa szkoły/miejsca pracy"
          type="text"
          value=""
        />
      </div>
      <div
        class="form-group"
      >
        <label
          class="form-label"
          for="actionDescription"
        >
          Opis:
        </label>
        <input
          class="form-control"
          id="actionDescription"
          placeholder="Profil/stanowisko ..."
          type="text"
          value=""
        />
      </div>
      <button
        class="itemsList__addButton btn btn-success"
        type="button"
      >
        + Dodaj
      </button>
    </div>
    <div
      class="row"
    >
      <div
        class="col-md-6 col-12"
      >
        <button
          class="form_navigation_prev btn btn-primary btn-block"
          disabled=""
          type="button"
        >
          ← Wstecz
        </button>
      </div>
      <div
        class="col-md-6 col-12"
      >
        <button
          class="btn btn-success btn-block"
          id="saveButton"
          type="submit"
        >
          Generuj CV
        </button>
      </div>
    </div>
  </div>
</div>
`;
