// Jest Snapshot v1, https://goo.gl/fbAQLP

exports[`LoginPageTest should match snapshot 1`] = `
<div>
  <div
    class="loginPage container"
  >
    <div
      class="loginPage__card loginPage__card--login card"
    >
      <h2
        class="loginPage__header card-header"
      >
        Logowanie
      </h2>
      <div
        class="loginPage__body card-body"
      >
        <form
          class=""
          novalidate=""
        >
          <div>
            <div
              class="form-group"
            >
              <input
                class="loginPage__input form-control"
                data-testid="loginPage_login"
                id="formGroupUsername"
                name="username"
                placeholder="Login"
                required=""
                type="text"
              />
              <div
                class="invalid-feedback"
              >
                Podaj login
              </div>
            </div>
            <div
              class="form-group"
            >
              <input
                class="form-control"
                data-testid="loginPage_password"
                id="formGroupPassword"
                name="password"
                placeholder="Hasło"
                required=""
                type="password"
              />
              <div
                class="invalid-feedback"
              >
                Podaj hasło
              </div>
            </div>
          </div>
          <button
            class="loginPage__button btn btn-primary"
            data-testid="loginBtn"
            type="submit"
          >
            Zaloguj
          </button>
        </form>
        <div
          class="loginPage__links"
        >
          <a
            href="/newPassword"
          >
            Zapomniałeś hasła?
          </a>
          <a
            href="/newAccount"
          >
            Załóż konto!
          </a>
        </div>
      </div>
    </div>
  </div>
</div>
`;
