// Jest Snapshot v1, https://goo.gl/fbAQLP

exports[`MainPhoto should render without crashing 1`] = `
<div>
  <div
    class="mainPhoto"
  >
    <svg
      height="1751.2169"
      viewBox="0 0 2611.7527 1751.2169"
      width="2611.7527"
      xmlns="http://www.w3.org/2000/svg"
    >
      <g
        id="layer2"
        transform="translate(5.6156163e-7,-140.39752)"
      >
        <image
          height="1730.6012"
          href="/fot.png"
          id="image1090"
          preserveAspectRatio="none"
          width="2569.4835"
          x="21.134644"
          y="140.39752"
        />
      </g>
      <g
        id="layer1"
        transform="translate(5.6156163e-7,0)"
      >
        <image
          href="/main.svg"
        />
      </g>
    </svg>
  </div>
</div>
`;
