// Jest Snapshot v1, https://goo.gl/fbAQLP

exports[`BlogContent should match snapshot 1`] = `
<div>
  <div
    class="card"
  >
    <div
      class="card-header"
    />
    <div
      class="post_content card-body"
    >
      <h3
        class="post_title card-title"
      >
        Post title
      </h3>
      <p
        class="blog_content_text mx-3 text-justify card-text"
      >
        Lorem ipsum dolor sit amet, consectetur adipiscing elit. Proin nibh augue, suscipit a, scelerisque sed, lacinia in, mi. Cras vel lorem. Etiam pellentesque aliquet tellus. Phasellus pharetra nulla ac diam. Quisque semper justo at risus. Donec venenatis, turpis vel hendrerit interdum, dui ligula ultricies purus, sed posuere libero dui id orci. Nam congue, pede vitae dapibus aliquet, elit magna vulputate arcu, vel tempus metus leo non est. Etiam sit amet lectus quis est congue mollis. Phasellus congue lacus eget neque. Phasellus ornare, ante vitae consectetuer consequat, purus sapien ultricies dolor, et mollis pede metus eget nisi. Praesent sodales velit quis augue. Cras suscipit, urna at aliquam rhoncus, urna quam viverra nisi, in interdum massa nibh nec erat.
      </p>
      <p
        class="post_taglist mt-5 mx-4"
      >
        <em>
          tagi: 
          <span
            class="mx-1 badge badge-info"
          >
            tag1
          </span>
          <span
            class="mx-1 badge badge-info"
          >
            tag2
          </span>
          <span
            class="mx-1 badge badge-info"
          >
            tag3
          </span>
        </em>
      </p>
    </div>
    <div
      class="blogpost_summary card-footer"
    >
      <div
        class="row"
      >
        <div
          class="mx-3 col"
        >
          <div
            class="row"
          >
            Autor: Jan Kowalski (qwe@qwe.qwe)
          </div>
          <div
            class="row"
          >
            opublikowano: 02.01.2020
          </div>
        </div>
        <div
          class="post_comment_counter"
        >
          <div
            class="text-right mx-3 row"
          >
            Liczba komentarzy: 
            0
          </div>
        </div>
      </div>
    </div>
  </div>
</div>
`;
