// Jest Snapshot v1, https://goo.gl/fbAQLP

exports[`CVApproval should look like snapshot 1`] = `
<div
  className="container"
>
  <div
    className="background"
  >
    <div
      className="main-card no-border card"
    >
      <div
        className="border pb-4 card-header"
      >
        <h3>
          CV do przejrzenia
        </h3>
      </div>
      <div
        className="border card-body"
      >
        <div
          className="cv_legend mb-4 row"
        >
          <div
            className="col-md-2 col-6"
          >
            <b>
              Imię
            </b>
          </div>
          <div
            className="col-md-2 col-6"
          >
            <b>
              Nazwisko
            </b>
          </div>
          <div
            className="col-md-4 col-12"
          >
            <b>
              Email
            </b>
          </div>
          <div
            className="col-md-4 col-8"
          />
        </div>
        <div
          className="mt-3 row"
        >
          <div
            className="col-md-2 col-6"
          >
            Maciej
          </div>
          <div
            className="col-md-2 col-6"
          >
            Kozłowski
          </div>
          <div
            className="col-md-4 col-12"
          >
            <a
              href="mailto:maciej.kozlowski@gmail.dom"
            >
               
              maciej.kozlowski@gmail.dom
               
            </a>
          </div>
          <div
            className="d-flex justify-content-end col-md-4 col-12"
          >
            <button
              className="btn btn-primary m-1 p-1"
              disabled={false}
              onClick={[Function]}
              type="button"
            >
              Pobierz
            </button>
            <button
              className="btn btn-success m-1 p-1"
              disabled={false}
              onClick={[Function]}
              type="button"
            >
              Akceptuj
            </button>
            <button
              className="btn btn-warning m-1 p-1"
              disabled={false}
              onClick={[Function]}
              type="button"
            >
              Popraw
            </button>
          </div>
        </div>
        <div
          className="mt-3 row"
        >
          <div
            className="col-md-2 col-6"
          >
            Ola
          </div>
          <div
            className="col-md-2 col-6"
          >
            Kwiatek
          </div>
          <div
            className="col-md-4 col-12"
          >
            <a
              href="mailto:kwiatola@olakwiat.nl"
            >
               
              kwiatola@olakwiat.nl
               
            </a>
          </div>
          <div
            className="d-flex justify-content-end col-md-4 col-12"
          >
            <button
              className="btn btn-primary m-1 p-1"
              disabled={false}
              onClick={[Function]}
              type="button"
            >
              Pobierz
            </button>
            <button
              className="btn btn-success m-1 p-1"
              disabled={false}
              onClick={[Function]}
              type="button"
            >
              Akceptuj
            </button>
            <button
              className="btn btn-warning m-1 p-1"
              disabled={false}
              onClick={[Function]}
              type="button"
            >
              Popraw
            </button>
          </div>
        </div>
        <div
          className="mt-3 row"
        >
          <div
            className="col-md-2 col-6"
          >
            Aleksander
          </div>
          <div
            className="col-md-2 col-6"
          >
            Jewaroksymoronowski
          </div>
          <div
            className="col-md-4 col-12"
          >
            <a
              href="mailto:jewaroksymoronski4life@domena.dede"
            >
               
              jewaroksymoronski4life@domena.dede
               
            </a>
          </div>
          <div
            className="d-flex justify-content-end col-md-4 col-12"
          >
            <button
              className="btn btn-primary m-1 p-1"
              disabled={false}
              onClick={[Function]}
              type="button"
            >
              Pobierz
            </button>
            <button
              className="btn btn-success m-1 p-1"
              disabled={false}
              onClick={[Function]}
              type="button"
            >
              Akceptuj
            </button>
            <button
              className="btn btn-warning m-1 p-1"
              disabled={false}
              onClick={[Function]}
              type="button"
            >
              Popraw
            </button>
          </div>
        </div>
        <div
          className="mt-3 row"
        >
          <div
            className="col-md-2 col-6"
          >
            Kuba
          </div>
          <div
            className="col-md-2 col-6"
          >
            Pec
          </div>
          <div
            className="col-md-4 col-12"
          >
            <a
              href="mailto:pec@pac.pic"
            >
               
              pec@pac.pic
               
            </a>
          </div>
          <div
            className="d-flex justify-content-end col-md-4 col-12"
          >
            <button
              className="btn btn-primary m-1 p-1"
              disabled={false}
              onClick={[Function]}
              type="button"
            >
              Pobierz
            </button>
            <button
              className="btn btn-success m-1 p-1"
              disabled={false}
              onClick={[Function]}
              type="button"
            >
              Akceptuj
            </button>
            <button
              className="btn btn-warning m-1 p-1"
              disabled={false}
              onClick={[Function]}
              type="button"
            >
              Popraw
            </button>
          </div>
        </div>
      </div>
    </div>
  </div>
</div>
`;
