// Jest Snapshot v1, https://goo.gl/fbAQLP

exports[`CVApproval should match snapshot 1`] = `
<div>
  <div
    class="pt-4 container"
  >
    <div
      class="card"
    >
      <h2
        class="card-header"
      >
        CV do akceptacji
      </h2>
      <div
        class="p-0 card-body"
      >
        <div
          class="list-group"
        >
          <div
            class="list-group-item"
          >
            <div
              class="row"
            >
              <div
                class="detailsItem col-xl-2 col-md-4"
              >
                <div
                  class="detailsItem__label"
                >
                  Imię
                </div>
                <div
                  class="detailsItem__value"
                >
                  Jarek
                </div>
              </div>
              <div
                class="detailsItem col-xl-3 col-md-4"
              >
                <div
                  class="detailsItem__label"
                >
                  Nazwisko
                </div>
                <div
                  class="detailsItem__value"
                >
                  Arek
                </div>
              </div>
              <div
                class="detailsItem col-xl-3 col-md-4"
              >
                <div
                  class="detailsItem__label"
                >
                  Email
                </div>
                <div
                  class="detailsItem__value"
                >
                  jamjestjarek@arek.pp
                </div>
              </div>
              <div
                class="align-self-center d-flex justify-content-end col"
              >
                <button
                  class="btnDownload btn btn-primary m-1 btn-sm"
                  type="button"
                >
                  Pokaż CV
                </button>
                <button
                  class="btnAccept btn btn-success m-1 btn-sm"
                  type="button"
                >
                  Akceptuj
                </button>
                <a
                  class="btnImprove btn btn-warning m-1 btn-sm"
                  href="/cvCorrection/0"
                >
                  Zgłoś poprawki
                </a>
              </div>
            </div>
          </div>
          <div
            class="list-group-item"
          >
            <div
              class="row"
            >
              <div
                class="detailsItem col-xl-2 col-md-4"
              >
                <div
                  class="detailsItem__label"
                >
                  Imię
                </div>
                <div
                  class="detailsItem__value"
                >
                  Ala
                </div>
              </div>
              <div
                class="detailsItem col-xl-3 col-md-4"
              >
                <div
                  class="detailsItem__label"
                >
                  Nazwisko
                </div>
                <div
                  class="detailsItem__value"
                >
                  Mala
                </div>
              </div>
              <div
                class="detailsItem col-xl-3 col-md-4"
              >
                <div
                  class="detailsItem__label"
                >
                  Email
                </div>
                <div
                  class="detailsItem__value"
                >
                  malaala@lala.la
                </div>
              </div>
              <div
                class="align-self-center d-flex justify-content-end col"
              >
                <button
                  class="btnDownload btn btn-primary m-1 btn-sm"
                  type="button"
                >
                  Pokaż CV
                </button>
                <button
                  class="btnAccept btn btn-success m-1 btn-sm"
                  type="button"
                >
                  Akceptuj
                </button>
                <a
                  class="btnImprove btn btn-warning m-1 btn-sm"
                  href="/cvCorrection/1"
                >
                  Zgłoś poprawki
                </a>
              </div>
            </div>
          </div>
        </div>
      </div>
    </div>
  </div>
</div>
`;
