// Jest Snapshot v1, https://goo.gl/fbAQLP

exports[`UserApproval should look like snapshot 1`] = `
<div
  className="container"
>
  <div
    className="background"
  >
    <div
      className="users-approval-card no-border card"
    >
      <div
        className="border pb-4 card-header"
      >
        <h3>
          Użytkownicy do akceptacji
        </h3>
      </div>
      <div
        className="border card-body"
      >
        <div
          className="card-deck"
        >
          <div
            className="pb-3 col-xl-3 col-lg-4 col-md-6 col-sm-12"
          >
            <div
              className="h-100 card"
            >
              <div
                className="card-body"
              >
                <div
                  className="card-title h5"
                >
                  Maciej
                   
                  Kozłowski
                </div>
                <div
                  className="mb-2 text-muted card-subtitle h6"
                >
                  maciekolejarz64
                </div>
                <div
                  className="list-group list-group-flush"
                  onKeyDown={[Function]}
                >
                  <div
                    className="pl-0 pr-0 list-group-item"
                    data-rb-event-key={null}
                    disabled={false}
                    onClick={[Function]}
                  >
                    <a
                      href="mailto: maciej.kozlowski@gmail.dom"
                    >
                      maciej.kozlowski@gmail.dom
                    </a>
                  </div>
                  <div
                    className="pl-0 pr-0 list-group-item"
                    data-rb-event-key={null}
                    disabled={false}
                    onClick={[Function]}
                  >
                    <p
                      className="mb-1"
                    >
                      NSP 45 im. Adama Małysza
                    </p>
                    <p
                      className="mb-1"
                    >
                      Skocznia narciarska w Zakopanem
                    </p>
                  </div>
                </div>
              </div>
              <div
                className="card-footer"
              >
                <button
                  className="btn btn-success"
                  disabled={false}
                  onClick={[Function]}
                  type="button"
                >
                  Akceptuj
                </button>
                <button
                  className="ml-1 btn btn-danger"
                  disabled={false}
                  onClick={[Function]}
                  type="button"
                >
                  Odrzuć
                </button>
              </div>
            </div>
          </div>
          <div
            className="pb-3 col-xl-3 col-lg-4 col-md-6 col-sm-12"
          >
            <div
              className="h-100 card"
            >
              <div
                className="card-body"
              >
                <div
                  className="card-title h5"
                >
                  Lalka
                   
                  Lalawska
                </div>
                <div
                  className="mb-2 text-muted card-subtitle h6"
                >
                  lalala
                </div>
                <div
                  className="list-group list-group-flush"
                  onKeyDown={[Function]}
                >
                  <div
                    className="pl-0 pr-0 list-group-item"
                    data-rb-event-key={null}
                    disabled={false}
                    onClick={[Function]}
                  >
                    <a
                      href="mailto: lalalalala@gmail.dom"
                    >
                      lalalalala@gmail.dom
                    </a>
                  </div>
                  <div
                    className="pl-0 pr-0 list-group-item"
                    data-rb-event-key={null}
                    disabled={false}
                    onClick={[Function]}
                  >
                    <p
                      className="mb-1"
                    >
                      NSP 45 im. Adama Małysza
                    </p>
                    <p
                      className="mb-1"
                    >
                      Skocznia narciarska w Zakopanem
                    </p>
                  </div>
                </div>
              </div>
              <div
                className="card-footer"
              >
                <button
                  className="btn btn-success"
                  disabled={false}
                  onClick={[Function]}
                  type="button"
                >
                  Akceptuj
                </button>
                <button
                  className="ml-1 btn btn-danger"
                  disabled={false}
                  onClick={[Function]}
                  type="button"
                >
                  Odrzuć
                </button>
              </div>
            </div>
          </div>
          <div
            className="pb-3 col-xl-3 col-lg-4 col-md-6 col-sm-12"
          >
            <div
              className="h-100 card"
            >
              <div
                className="card-body"
              >
                <div
                  className="card-title h5"
                >
                  Ola
                   
                  Maj
                </div>
                <div
                  className="mb-2 text-muted card-subtitle h6"
                >
                  amka
                </div>
                <div
                  className="list-group list-group-flush"
                  onKeyDown={[Function]}
                >
                  <div
                    className="pl-0 pr-0 list-group-item"
                    data-rb-event-key={null}
                    disabled={false}
                    onClick={[Function]}
                  >
                    <a
                      href="mailto: e@ma.il"
                    >
                      e@ma.il
                    </a>
                  </div>
                  <div
                    className="pl-0 pr-0 list-group-item"
                    data-rb-event-key={null}
                    disabled={false}
                    onClick={[Function]}
                  >
                    <p
                      className="mb-1"
                    >
                      NSP 45 im. Adama Małysza
                    </p>
                    <p
                      className="mb-1"
                    >
                      Długa 8
                    </p>
                  </div>
                </div>
              </div>
              <div
                className="card-footer"
              >
                <button
                  className="btn btn-success"
                  disabled={false}
                  onClick={[Function]}
                  type="button"
                >
                  Akceptuj
                </button>
                <button
                  className="ml-1 btn btn-danger"
                  disabled={false}
                  onClick={[Function]}
                  type="button"
                >
                  Odrzuć
                </button>
              </div>
            </div>
          </div>
          <div
            className="pb-3 col-xl-3 col-lg-4 col-md-6 col-sm-12"
          >
            <div
              className="h-100 card"
            >
              <div
                className="card-body"
              >
                <div
                  className="card-title h5"
                >
                  Pablorodriguessenioritazorro
                   
                  Pablorodriguessenioritazorro
                </div>
                <div
                  className="mb-2 text-muted card-subtitle h6"
                >
                  Usernameteżjakiśtakiprzydługi
                </div>
                <div
                  className="list-group list-group-flush"
                  onKeyDown={[Function]}
                >
                  <div
                    className="pl-0 pr-0 list-group-item"
                    data-rb-event-key={null}
                    disabled={false}
                    onClick={[Function]}
                  >
                    <a
                      href="mailto: jakistakidluzszyadresemailowy@email.rerere"
                    >
                      jakistakidluzszyadresemailowy@email.rerere
                    </a>
                  </div>
                  <div
                    className="pl-0 pr-0 list-group-item"
                    data-rb-event-key={null}
                    disabled={false}
                    onClick={[Function]}
                  >
                    <p
                      className="mb-1"
                    >
                      Zespół szkoł wliczających w siebie żłobek, przedszkole i połowę budynków miasta ponieważ jest to jedno wielkie miasteczko uczelniano studencko uczniowskie
                    </p>
                    <p
                      className="mb-1"
                    >
                      ul. Nieuwierzyszżenazwaulicymożebyćtakadługaponieważzdarzasiętoniezwyklerzadko 18, 12-345 Berlin Zachodni
                    </p>
                  </div>
                </div>
              </div>
              <div
                className="card-footer"
              >
                <button
                  className="btn btn-success"
                  disabled={false}
                  onClick={[Function]}
                  type="button"
                >
                  Akceptuj
                </button>
                <button
                  className="ml-1 btn btn-danger"
                  disabled={false}
                  onClick={[Function]}
                  type="button"
                >
                  Odrzuć
                </button>
              </div>
            </div>
          </div>
          <div
            className="pb-3 col-xl-3 col-lg-4 col-md-6 col-sm-12"
          >
            <div
              className="h-100 card"
            >
              <div
                className="card-body"
              >
                <div
                  className="card-title h5"
                >
                  Maciej
                   
                  Kozłowski
                </div>
                <div
                  className="mb-2 text-muted card-subtitle h6"
                >
                  maciekolejarz64
                </div>
                <div
                  className="list-group list-group-flush"
                  onKeyDown={[Function]}
                >
                  <div
                    className="pl-0 pr-0 list-group-item"
                    data-rb-event-key={null}
                    disabled={false}
                    onClick={[Function]}
                  >
                    <a
                      href="mailto: maciej.kozlowski@gmail.dom"
                    >
                      maciej.kozlowski@gmail.dom
                    </a>
                  </div>
                  <div
                    className="pl-0 pr-0 list-group-item"
                    data-rb-event-key={null}
                    disabled={false}
                    onClick={[Function]}
                  >
                    <p
                      className="mb-1"
                    >
                      NSP 45 im. Adama Małysza
                    </p>
                    <p
                      className="mb-1"
                    >
                      Skocznia narciarska w Zakopanem
                    </p>
                  </div>
                </div>
              </div>
              <div
                className="card-footer"
              >
                <button
                  className="btn btn-success"
                  disabled={false}
                  onClick={[Function]}
                  type="button"
                >
                  Akceptuj
                </button>
                <button
                  className="ml-1 btn btn-danger"
                  disabled={false}
                  onClick={[Function]}
                  type="button"
                >
                  Odrzuć
                </button>
              </div>
            </div>
          </div>
          <div
            className="pb-3 col-xl-3 col-lg-4 col-md-6 col-sm-12"
          >
            <div
              className="h-100 card"
            >
              <div
                className="card-body"
              >
                <div
                  className="card-title h5"
                >
                  Maciej
                   
                  Kozłowski
                </div>
                <div
                  className="mb-2 text-muted card-subtitle h6"
                >
                  maciekolejarz64
                </div>
                <div
                  className="list-group list-group-flush"
                  onKeyDown={[Function]}
                >
                  <div
                    className="pl-0 pr-0 list-group-item"
                    data-rb-event-key={null}
                    disabled={false}
                    onClick={[Function]}
                  >
                    <a
                      href="mailto: maciej.kozlowski@gmail.dom"
                    >
                      maciej.kozlowski@gmail.dom
                    </a>
                  </div>
                  <div
                    className="pl-0 pr-0 list-group-item"
                    data-rb-event-key={null}
                    disabled={false}
                    onClick={[Function]}
                  >
                    <p
                      className="mb-1"
                    >
                      NSP 45 im. Adama Małysza
                    </p>
                    <p
                      className="mb-1"
                    >
                      Skocznia narciarska w Zakopanem
                    </p>
                  </div>
                </div>
              </div>
              <div
                className="card-footer"
              >
                <button
                  className="btn btn-success"
                  disabled={false}
                  onClick={[Function]}
                  type="button"
                >
                  Akceptuj
                </button>
                <button
                  className="ml-1 btn btn-danger"
                  disabled={false}
                  onClick={[Function]}
                  type="button"
                >
                  Odrzuć
                </button>
              </div>
            </div>
          </div>
          <div
            className="pb-3 col-xl-3 col-lg-4 col-md-6 col-sm-12"
          >
            <div
              className="h-100 card"
            >
              <div
                className="card-body"
              >
                <div
                  className="card-title h5"
                >
                  Maciej
                   
                  Kozłowski
                </div>
                <div
                  className="mb-2 text-muted card-subtitle h6"
                >
                  maciekolejarz64
                </div>
                <div
                  className="list-group list-group-flush"
                  onKeyDown={[Function]}
                >
                  <div
                    className="pl-0 pr-0 list-group-item"
                    data-rb-event-key={null}
                    disabled={false}
                    onClick={[Function]}
                  >
                    <a
                      href="mailto: maciej.kozlowski@gmail.dom"
                    >
                      maciej.kozlowski@gmail.dom
                    </a>
                  </div>
                  <div
                    className="pl-0 pr-0 list-group-item"
                    data-rb-event-key={null}
                    disabled={false}
                    onClick={[Function]}
                  >
                    <p
                      className="mb-1"
                    >
                      NSP 45 im. Adama Małysza
                    </p>
                    <p
                      className="mb-1"
                    >
                      Skocznia narciarska w Zakopanem
                    </p>
                  </div>
                </div>
              </div>
              <div
                className="card-footer"
              >
                <button
                  className="btn btn-success"
                  disabled={false}
                  onClick={[Function]}
                  type="button"
                >
                  Akceptuj
                </button>
                <button
                  className="ml-1 btn btn-danger"
                  disabled={false}
                  onClick={[Function]}
                  type="button"
                >
                  Odrzuć
                </button>
              </div>
            </div>
          </div>
        </div>
      </div>
    </div>
  </div>
</div>
`;
