// Jest Snapshot v1, https://goo.gl/fbAQLP

exports[`TilesContainer should render without crashing 1`] = `
<div>
  <div
    class="tilesGrid__container"
  >
    <div
      class="tilesGrid"
    >
      <div>
        Telefon zaufania
      </div>
      <div>
        Zapytaj
      </div>
    </div>
  </div>
</div>
`;
