// Jest Snapshot v1, https://goo.gl/fbAQLP

exports[`EditorForm should match snapshot 1`] = `
<div>
  <div
    class="my-4"
  >
    <div
      class="md-RichEditor-root"
    >
      <div
        class="md-RichEditor-editor"
      >
        <div
          class="DraftEditor-root"
        >
          <div
            class="public-DraftEditorPlaceholder-root"
          >
            <div
              class="public-DraftEditorPlaceholder-inner"
              id="placeholder-123abc"
              style="white-space: pre-wrap;"
            >
              Napisz swoją historię...
            </div>
          </div>
          <div
            class="DraftEditor-editorContainer"
          >
            <div
              aria-describedby="placeholder-123abc"
              class="notranslate public-DraftEditor-content"
              contenteditable="true"
              role="textbox"
              spellcheck="true"
              style="outline: none; user-select: text; white-space: pre-wrap; word-wrap: break-word;"
            >
              <div
                data-contents="true"
              >
                <div
                  class="md-block md-block-paragraph"
                  data-block="true"
                  data-editor="123abc"
                  data-offset-key="foo-0-0"
                >
                  <div
                    class="public-DraftStyleDefault-block public-DraftStyleDefault-ltr"
                    data-offset-key="foo-0-0"
                  >
                    <span
                      data-offset-key="foo-0-0"
                    >
                      <br
                        data-text="true"
                      />
                    </span>
                  </div>
                </div>
              </div>
            </div>
          </div>
        </div>
        <div
          class="md-editor-toolbar"
        >
          <div
            class="md-RichEditor-controls md-RichEditor-controls-block"
          >
            <span
              aria-label="Cytat"
              class="md-RichEditor-styleButton md-RichEditor-styleButton-blockquote hint--top"
            >
              " "
            </span>
            <span
              aria-label="Wypunktowanie"
              class="md-RichEditor-styleButton md-RichEditor-styleButton-unordered-list-item hint--top"
            >
               • 
            </span>
            <span
              aria-label="Numerowanie"
              class="md-RichEditor-styleButton md-RichEditor-styleButton-ordered-list-item hint--top"
            >
              123
            </span>
            <span
              aria-label="To-do"
              class="md-RichEditor-styleButton md-RichEditor-styleButton-todo hint--top"
            >
               ✓ 
            </span>
          </div>
          <div
            class="md-RichEditor-controls md-RichEditor-controls-inline"
          >
            <span
              aria-label="Pogrubienie"
              class="md-RichEditor-styleButton md-RichEditor-styleButton-bold hint--top"
            >
              B
            </span>
            <span
              aria-label="Kursywa"
              class="md-RichEditor-styleButton md-RichEditor-styleButton-italic hint--top"
            >
              I
            </span>
            <span
              aria-label="Podkreślenie"
              class="md-RichEditor-styleButton md-RichEditor-styleButton-underline hint--top"
            >
              U
            </span>
          </div>
          <div
            class="md-RichEditor-controls"
          >
            <span
              aria-label="Link"
              class="md-RichEditor-styleButton md-RichEditor-linkButton hint--top"
            >
               # 
            </span>
          </div>
        </div>
      </div>
    </div>
  </div>
</div>
`;
