// Jest Snapshot v1, https://goo.gl/fbAQLP

exports[`MyOffersPerson should match snapshot 1`] = `
<div>
  <div
    class="justify-content-end not-read list-group-item"
  >
    <div
      class="justify-content-end row"
    >
      <div
        class="detailsItem col"
      >
        <div
          class="detailsItem__label"
        >
          Imię i nazwisko
        </div>
        <div
          class="detailsItem__value"
        >
          standard1
           
          standard1
        </div>
      </div>
      <div
        class="detailsItem col"
      >
        <div
          class="detailsItem__label"
        >
          email
        </div>
        <div
          class="detailsItem__value"
        >
          standard1@standard1.com
        </div>
      </div>
      <button
        class="m-2 btn btn-primary"
        type="button"
      >
        Pokaż CV
      </button>
      <button
        class="m-2 btn btn-outline-primary"
        type="button"
      >
        Oznacz jako przeczytane
      </button>
    </div>
  </div>
</div>
`;
