// Jest Snapshot v1, https://goo.gl/fbAQLP

exports[`MyCVsPage should match snapshot 1`] = `
<div>
  <div
    class="mt-4 container"
  >
    <div
      class="card"
    >
      <h2
        class="card-header"
      >
        Moje CV (
        2
         / 5)
      </h2>
      <div
        class="list-group list-group-flush"
      >
        <div
          class="list-group-item"
        >
          <div
            class="row"
          >
            <div
              class="col-md-5 col-12"
            >
              <h6>
                Nazwa pliku
              </h6>
            </div>
            <div
              class="col-md-3 col-4"
            >
              <h6>
                Status
              </h6>
            </div>
            <div
              class="text-right col-md-4 col-8"
            >
              <h6>
                Akcje
              </h6>
            </div>
          </div>
        </div>
        <div
          class="list-group-item"
        >
          <div
            class="d-flex align-items-center row"
          >
            <div
              class="col-md-4 col-12"
            >
              jeden
            </div>
            <div
              class="col-md-2 col-12"
            >
              Oczekuje na weryfikację
            </div>
            <div
              class="text-right col-md-6 col-12"
            >
              <button
                class="btn btn-primary"
                type="button"
              >
                Zobacz CV
              </button>
              <button
                class="m-1 btn btn-info"
                type="button"
              >
                Zmień nazwę
              </button>
              <a
                class="mx-2 btn btn-info"
                href="/cvEditor/0"
              >
                Edytuj
              </a>
              <button
                class="btn btn-danger"
                type="button"
              >
                Usuń CV
              </button>
            </div>
          </div>
        </div>
        <div
          class="list-group-item"
        >
          <div
            class="d-flex align-items-center row"
          >
            <div
              class="col-md-4 col-12"
            >
              dwa
            </div>
            <div
              class="col-md-2 col-12"
            >
              Oczekuje na weryfikację
            </div>
            <div
              class="text-right col-md-6 col-12"
            >
              <button
                class="btn btn-primary"
                type="button"
              >
                Zobacz CV
              </button>
              <button
                class="m-1 btn btn-info"
                type="button"
              >
                Zmień nazwę
              </button>
              <a
                class="mx-2 btn btn-info"
                href="/cvEditor/1"
              >
                Edytuj
              </a>
              <button
                class="btn btn-danger"
                type="button"
              >
                Usuń CV
              </button>
            </div>
          </div>
        </div>
      </div>
    </div>
  </div>
</div>
`;
