// Jest Snapshot v1, https://goo.gl/fbAQLP

exports[`UserBasicInfo  should render correctly 1`] = `
<div>
  <div
    class="col"
  >
    <div
      class="text-center text-sm-left row"
    >
      <div
        class="col-sm-auto col-12"
      >
        <div
          class="justify-content-center row"
        >
          <h3>
            <div>
              UserPicture
            </div>
          </h3>
        </div>
        <div
          class="justify-content-center mb-3 mb-sm-0 row"
        >
          <div>
            PhotoButtonsContainer
          </div>
        </div>
      </div>
      <div
        class="col"
      >
        <div>
          <h5>
            Jan Kowalski
          </h5>
        </div>
        <div />
      </div>
    </div>
  </div>
</div>
`;
