// Jest Snapshot v1, https://goo.gl/fbAQLP

exports[`NewPasswordPage should match snapshot 1`] = `
<div>
  <div
    class="loginPage container"
  >
    <div
      class="loginPage__card loginPage__card--login card"
    >
      <h2
        class="loginPage__header card-header"
      >
        Zmiana hasła
      </h2>
      <div
        class="loginPage__body card-body"
      >
        <form
          class=""
        >
          <div
            class="form-group"
          >
            <input
              class="form-control"
              id="newPassword"
              minlength="8"
              name="password"
              placeholder="Nowe hasło"
              required=""
              type="password"
              value=""
            />
          </div>
          <div
            class="form-group"
          >
            <input
              class="form-control"
              id="newPasswordRepeat"
              minlength="8"
              name="passwordR"
              placeholder="Powtórz hasło"
              required=""
              type="password"
              value=""
            />
            <div
              class="invalid-feedback"
            />
          </div>
          <button
            class="loginPage__button btn btn-primary"
            type="submit"
          >
            Wyślij
          </button>
        </form>
        <div
          class="message_pass_changed"
        />
      </div>
    </div>
  </div>
</div>
`;
