// Jest Snapshot v1, https://goo.gl/fbAQLP

exports[`PasswordChange NewPasswordPage should match snapshot 1`] = `
<div>
  <div
    class="loginPage container"
  >
    <img
      alt="tło"
      class="loginPage__bgImage"
      src="fot..png"
    />
    <div
      class="loginPage__card loginPage__card--login card"
    >
      <h2
        class="loginPage__header card-header"
      >
        Zmiana hasła
      </h2>
      <div
        class="loginPage__body card-body"
      >
        <form
          class="primary"
          novalidate=""
        >
          <div
            class="form-group"
          >
            <input
              class="loginPage__input form-control"
              id="formGroupUsername"
              minlength="6"
              placeholder="Email"
              required=""
              type="email"
              value=""
            />
            <div
              class="invalid-feedback"
            >
              Podaj email
            </div>
          </div>
          <button
            class="passwordR_submit_email btn btn-secondary"
            data-testid="sendMailBtn"
            type="submit"
          >
            Wyślij
          </button>
        </form>
      </div>
    </div>
  </div>
</div>
`;
