// Jest Snapshot v1, https://goo.gl/fbAQLP

exports[`LoginForm should render correctly 1`] = `
<div>
  <div>
    <div
      class="form-group"
    >
      <input
        class="loginPage__input form-control"
        data-testid="loginPage_login"
        id="formGroupUsername"
        name="username"
        placeholder="Login"
        required=""
        type="text"
      />
      <div
        class="invalid-feedback"
      >
        Podaj login
      </div>
    </div>
    <div
      class="form-group"
    >
      <input
        class="form-control"
        data-testid="loginPage_password"
        id="formGroupPassword"
        name="password"
        placeholder="Hasło"
        required=""
        type="password"
      />
      <div
        class="invalid-feedback"
      >
        Podaj hasło
      </div>
    </div>
  </div>
</div>
`;
