// Jest Snapshot v1, https://goo.gl/fbAQLP

exports[`PasswordResetPrompt should match snapshot 1`] = `
<div>
  <div
    class="loginPage container"
  >
    <div
      class="loginPage__card loginPage__card--login card"
    >
      <h2
        class="loginPage__header card-header"
      >
        Zmiana hasła
      </h2>
      <div
        class="loginPage__body card-body"
      >
        <form
          class=""
        >
          <div
            class="form-group"
          >
            <input
              class="form-control"
              id="formGroupEmail"
              minlength="6"
              name="email"
              placeholder="Podaj swój email"
              required=""
              type="email"
              value=""
            />
            <div
              class="invalid-feedback"
            >
              Podaj email we właściwym formacie
            </div>
          </div>
          <button
            class="btn btn-primary"
            type="submit"
          >
            Wyślij
          </button>
        </form>
        <div
          class="submit_message"
        />
      </div>
    </div>
  </div>
</div>
`;
