// Jest Snapshot v1, https://goo.gl/fbAQLP

exports[`NotificationToggle should render badge when count is greater than 0 1`] = `
<span
  class="font"
>
  4
</span>
`;

exports[`NotificationToggle should render limited badge when count is large 1`] = `
<span
  class="font"
>
  9+
</span>
`;

exports[`NotificationToggle should render without crashing 1`] = `
<div>
  <button
    class="notifications-button notification-color navbar-right-button border-0 btn btn-light"
    type="button"
  >
    <img
      alt="Ikona dzwonka"
      src="/bell.svg"
    />
     
    <span
      class="font"
    >
      2
    </span>
  </button>
</div>
`;
