// Jest Snapshot v1, https://goo.gl/fbAQLP

exports[`NotificationItemContainer should render without crashing 1`] = `
<div>
  <div
    class="notificationItemContainer btn-group"
    role="group"
  >
    <button
      class="btn btn-light"
      type="button"
    >
      X
    </button>
  </div>
</div>
`;
