// Jest Snapshot v1, https://goo.gl/fbAQLP

exports[`Filter(JobOffers) renders correctly 1`] = `
<form
  class="p-2"
>
  <div
    class="search__wrapper"
  >
    <div
      class="form-group"
    >
      <label
        class="form-label"
        for="voivodeship"
      >
        Województwo
      </label>
      <select
        class="form-control"
        id="voivodeship"
      >
        <option
          disabled=""
        >
          -- Wybierz --
        </option>
        <option>
          zachodniopomorskie
        </option>
        <option>
          pomorskie
        </option>
        <option>
          warmińsko-mazurskie
        </option>
        <option>
          podlaskie
        </option>
        <option>
          lubuskie
        </option>
        <option>
          wielkopolskie
        </option>
        <option>
          kujawsko-pomorskie
        </option>
        <option>
          mazowieckie
        </option>
        <option>
          lubelskie
        </option>
        <option>
          dolnośląskie
        </option>
        <option>
          łódzkie
        </option>
        <option>
          opolskie
        </option>
        <option>
          świętokrzyskie
        </option>
        <option>
          śląskie
        </option>
        <option>
          małopolskie
        </option>
        <option>
          podkarpackie
        </option>
      </select>
    </div>
    <div
      class="form-group"
    >
      <label
        class="form-label"
        for="minExpirationDate"
      >
        Minimalna data wygaśnięcia oferty
      </label>
      <div
        class="align-items-center m-0 form-row"
      >
        <div
          class="react-datepicker-wrapper"
        >
          <div
            class="react-datepicker__input-container"
          >
            <input
              class="form-control"
              id="minExpirationDate"
              type="text"
              value=""
            />
          </div>
        </div>
      </div>
    </div>
    <div
      class="form-group"
    >
      <label
        class="form-label"
        for="pageSize"
      >
        Ilość ofert na stronie
      </label>
      <input
        class="form-control"
        data-testid="default"
        id="pageSize"
        max="100"
        min="1"
        placeholder="Ilość ofert na stronie"
        type="number"
        value="10"
      />
    </div>
  </div>
  <div
    class="justify-content-center align-items-center m-0 row"
  >
    <button
      class="pl-4 pr-4 pt-2 pb-2 mr-5 btn btn-secondary"
      type="submit"
    >
      Filtruj
    </button>
    <button
      class="pl-4 pr-4 pt-2 pb-2 btn btn-secondary"
      type="button"
    >
      Usuń filtr
    </button>
  </div>
</form>
`;
