// Jest Snapshot v1, https://goo.gl/fbAQLP

exports[`PhoneCard should match snapshot 1`] = `
<div>
  <div
    class="my-3 card bg-outline-primary text-dark"
  >
    <div
      class="card-body"
    >
      <h2
        class="d-flex justify-content-between card-title"
      >
        123
        <button
          class="btn btn-danger btn-sm"
          type="button"
        >
          <sm>
            Usuń
          </sm>
        </button>
      </h2>
      <p
        class="card-text"
      >
        qwe
      </p>
      <button
        class="btn btn-primary btn-block btn-sm"
        type="button"
      >
        Skopiuj ten numer
      </button>
    </div>
  </div>
</div>
`;
