// Jest Snapshot v1, https://goo.gl/fbAQLP

exports[`PhoneCard should match snapshot 1`] = `
<div>
  <div
    class="my-3 card bg-primary text-light"
  >
    <div
      class="card-body"
    >
      <div
        class="card-title h5"
      />
      <p
        class="card-text"
      />
    </div>
    <div
      class="card-footer"
    >
      <button
        class="btn btn-light btn-block btn-sm"
        type="button"
      >
        Skopiuj ten numer
      </button>
    </div>
  </div>
</div>
`;
