// Jest Snapshot v1, https://goo.gl/fbAQLP

exports[`UserInfo should match snapshot 1`] = `
<div>
  <div
    class="row"
  >
    <div
      class="col"
    >
      <h5>
        user1
      </h5>
      <div
        class="row"
      >
        <div
          class="detailsItem col-xl-3 col-md-4"
        >
          <div
            class="detailsItem__label"
          >
            Adres email
          </div>
          <div
            class="detailsItem__value"
          >
            qwe@qwe.qwe
          </div>
        </div>
        <div
          class="detailsItem col-xl-3 col-md-4"
        >
          <div
            class="detailsItem__label"
          >
            Typ
          </div>
          <div
            class="detailsItem__value"
          >
            standard
          </div>
        </div>
        <div
          class="detailsItem col-xl-3 col-md-4"
        >
          <div
            class="detailsItem__label"
          >
            Data rejestracji
          </div>
          <div
            class="detailsItem__value"
          >
            NaN-NaNNaN
          </div>
        </div>
        <div
          class="detailsItem col-xl-3 col-md-4"
        >
          <div
            class="detailsItem__label"
          >
            Status
          </div>
          <div
            class="detailsItem__value"
          >
            verified
          </div>
        </div>
      </div>
      <div>
        ButtonsContainer
      </div>
    </div>
  </div>
</div>
`;
