// Jest Snapshot v1, https://goo.gl/fbAQLP

exports[`AddCvForm should render without crashing 1`] = `
<div>
  <div
    class="row"
  >
    <div
      class="col-lg-4 offset-lg-4"
    >
      <form
        class=""
      >
        <div
          class="form-group"
        >
          <label
            class="form-label"
            for="selectCv"
          >
            Wybierz CV:
          </label>
          <select
            class="form-control"
            id="selectCv"
            required=""
          >
            <option
              value="1"
            >
              nazwa cv
            </option>
            <option
              value="2"
            >
              nazwa cv 2
            </option>
          </select>
        </div>
        <div
          class="mb-0 justify-content-center row"
        >
          <button
            class="addCvForm__applyButton  btn btn-primary"
            type="submit"
          >
            Aplikuj do oferty
          </button>
        </div>
      </form>
    </div>
  </div>
</div>
`;
