// Jest Snapshot v1, https://goo.gl/fbAQLP

exports[`photo tab tests should render without crashing 1`] = `
<div>
  <div>
    <h3>
      Zdjęcie
    </h3>
    <img
      alt=""
      class="CVEditorTab__img"
      src="movie_1.png"
    />
    <form
      class=""
    >
      <div
        class="form-group"
      >
        <label
          class="form-label"
          for="custom-file"
        >
          Zdjęcie:
        </label>
        <div
          class="custom custom-file"
        >
          <input
            accept="image/*"
            class="custom-file-input"
            id="custom-file"
            type="file"
          />
          <label
            class="custom-file-label"
            data-browse="Dodaj"
            for="custom-file"
          >
            Wybierz zdjęcie
          </label>
        </div>
      </div>
    </form>
    <div
      class="row"
    >
      <div
        class="col-md-6 col-12"
      >
        <button
          class="form_navigation_prev btn btn-primary btn-block"
          disabled=""
          type="button"
        >
          ← Wstecz
        </button>
      </div>
      <div
        class="col-md-6 col-12"
      >
        <form
          class=""
        >
          <button
            class="btn btn-success btn-block"
            id="saveButton"
            type="submit"
          >
            Generuj CV
          </button>
        </form>
      </div>
    </div>
  </div>
</div>
`;
