// Jest Snapshot v1, https://goo.gl/fbAQLP

exports[`SkillsTab should render without crashing 1`] = `
<div>
  <div>
    <h3>
      Umiejętności
    </h3>
    <img
      alt=""
      class="CVEditorTab__img"
      src="movie_4.png"
    />
    <form
      class=""
      novalidate=""
    >
      <div
        class="form-group"
      >
        <label
          class="form-label"
          for="skillName"
        >
          Umiejętność:
        </label>
        <input
          class="form-control"
          id="skillName"
          maxlength="50"
          minlength="1"
          placeholder="Wpisz umiejętność"
          required=""
          type="text"
          value=""
        />
        <div
          class="invalid-feedback"
        >
          Pole jest wymagane.
        </div>
      </div>
      <button
        class="mb-3 btn btn-success"
        type="submit"
      >
        + Dodaj
      </button>
    </form>
    <div
      class="row"
    >
      <div
        class="col-md-6 col-12"
      >
        <button
          class="form_navigation_prev btn btn-primary btn-block"
          disabled=""
          type="button"
        >
          ← Wstecz
        </button>
      </div>
      <div
        class="col-md-6 col-12"
      >
        <form
          class=""
        >
          <button
            class="btn btn-success btn-block"
            id="saveButton"
            type="submit"
          >
            Generuj CV
          </button>
        </form>
      </div>
    </div>
  </div>
</div>
`;
