// Jest Snapshot v1, https://goo.gl/fbAQLP

exports[`OfferForm should renders correctly 1`] = `
<div>
  <div
    class="container"
  >
    <div
      class="card"
    >
      <div
        class="card-header"
      >
        Rozmowa z X
      </div>
      <div
        class="card-body"
      >
        <div
          class="list-group"
        >
          <div
            class="messagesList__item messagesList__item--left list-group-item list-group-item-primary"
          >
            b
          </div>
          <div
            class="messagesList__item messagesList__item--right list-group-item list-group-item-info"
          >
            a
          </div>
        </div>
      </div>
    </div>
  </div>
</div>
`;
