// Jest Snapshot v1, https://goo.gl/fbAQLP

exports[`MessageList should renders correctly 1`] = `
<div>
  <div
    class="container"
  >
    <div
      class="card"
    >
      <h3
        class="messagesList__header card-header"
      >
        <button
          class="messagesList__close btn btn-outline-danger"
          type="button"
        >
          x
        </button>
        Piotr Kowalski
      </h3>
      <div
        class="card-body"
      >
        <div
          class="list-group"
        >
          <div
            class="messagesList__item messagesList__item--left list-group-item list-group-item-primary"
          >
            b
          </div>
          <div
            class="messagesList__item messagesList__item--right list-group-item list-group-item-info"
          >
            a
          </div>
        </div>
      </div>
    </div>
  </div>
</div>
`;
