// Jest Snapshot v1, https://goo.gl/fbAQLP

exports[`ItemsList should not render when data is null 1`] = `<div />`;

exports[`ItemsList should render without crashing 1`] = `
<div>
  <div>
    <div />
    <div
      class="form-group"
    >
      <button
        class="btn btn-success"
        type="button"
      >
        + Dodaj
      </button>
    </div>
  </div>
</div>
`;
