// Jest Snapshot v1, https://goo.gl/fbAQLP

exports[`ItemsList should not render when data is null 1`] = `<div />`;

exports[`ItemsList should render without crashing 1`] = `
<div>
  <form
    class=""
    novalidate=""
  >
    <div />
    <button
      class="mb-3 btn btn-success"
      type="submit"
    >
      + Dodaj
    </button>
  </form>
</div>
`;
