// Jest Snapshot v1, https://goo.gl/fbAQLP

exports[`AccountForm should render correctly 1`] = `
<div>
  <div
    class="loginPage__cardSection px-0 col-lg mr-lg-3 card bg-light"
  >
    <h4
      class="card-header"
    >
      Dane konta
    </h4>
    <div
      class="card-body"
    >
      <div
        class="form-group"
      >
        <input
          class="loginPage__input form-control"
          id="formGroupEmail"
          maxlength="60"
          name="email"
          placeholder="Email"
          required=""
          type="email"
        />
        <div
          class="invalid-feedback"
        >
          Podaj właściwy email
        </div>
      </div>
      <div
        class="form-group"
      >
        <input
          class="form-control"
          id="formGroupUsername"
          maxlength="30"
          minlength="6"
          name="username"
          placeholder="Nazwa użytkownika"
          required=""
          type="text"
        />
        <small
          class="text-muted form-text"
        >
          Nazwa użytkownika będzie widoczna dla innych użytkowników przy Twoich komentarzach. Twoje imię i nazwisko są widoczne tylko dla pracowników i pracodawców.
        </small>
        <div
          class="invalid-feedback"
        >
          Minimalna ilośc znaków: 6
        </div>
      </div>
      <div
        class="form-group"
      >
        <input
          class="form-control"
          id="formGroupPassword"
          maxlength="128"
          minlength="8"
          name="password"
          placeholder="Hasło (min. 8 znaków)"
          required=""
          type="password"
        />
        <div
          class="invalid-feedback"
        >
          Minimalna ilośc znaków: 8
        </div>
      </div>
      <div
        class="form-group"
      >
        <input
          class="form-control"
          id="formGroupPasswordRepeat"
          maxlength="128"
          minlength="8"
          name="passwordR"
          placeholder="Powtórz hasło"
          required=""
          type="password"
        />
        <div
          class="invalid-feedback"
        >
          Minimalna ilośc znaków: 8
        </div>
      </div>
    </div>
  </div>
</div>
`;
