// Jest Snapshot v1, https://goo.gl/fbAQLP

exports[`Contact should match snapshot 1`] = `
<div>
  <div>
    <div
      class="align-items-center row"
    >
      <div
        class="align-self-start"
      >
        <div
          class="userPicture__container"
        >
          <div
            class="userPicture userPicture--standard"
          >
            <span>
              in
            </span>
          </div>
        </div>
      </div>
      <div
        class="col"
      >
        <h5>
          imie
        </h5>
        <h5>
          nazwisko
        </h5>
        <em>
          gościu
        </em>
      </div>
      <a
        class="float-right btn btn-primary"
        href="/chats/undefined"
      >
        →
      </a>
    </div>
  </div>
</div>
`;
