// Jest Snapshot v1, https://goo.gl/fbAQLP

exports[`Contact should match snapshot 1`] = `
<div>
  <div
    class="row"
  >
    <div
      class="col"
    >
      <h5 />
    </div>
    <div
      class="col"
    >
      <a
        class="btn btn-primary"
        href="/chats/undefined"
      >
        Nowa wiadomość
      </a>
    </div>
  </div>
</div>
`;
